 Entering Gaussian System, Link 0=g09
 Initial command:
 /data/soft/centos7/qc/gaussian/g09/d.01/x86_64/g09/l1.exe "/scratch/cbrunken/Gau-16551.inp" -scrdir="/scratch/cbrunken/"
 Entering Link 1 = /data/soft/centos7/qc/gaussian/g09/d.01/x86_64/g09/l1.exe PID=     16552.
  
 Copyright (c) 1988,1990,1992,1993,1995,1998,2003,2009,2013,
            Gaussian, Inc.  All Rights Reserved.
  
 This is part of the Gaussian(R) 09 program.  It is based on
 the Gaussian(R) 03 system (copyright 2003, Gaussian, Inc.),
 the Gaussian(R) 98 system (copyright 1998, Gaussian, Inc.),
 the Gaussian(R) 94 system (copyright 1995, Gaussian, Inc.),
 the Gaussian 92(TM) system (copyright 1992, Gaussian, Inc.),
 the Gaussian 90(TM) system (copyright 1990, Gaussian, Inc.),
 the Gaussian 88(TM) system (copyright 1988, Gaussian, Inc.),
 the Gaussian 86(TM) system (copyright 1986, Carnegie Mellon
 University), and the Gaussian 82(TM) system (copyright 1983,
 Carnegie Mellon University). Gaussian is a federally registered
 trademark of Gaussian, Inc.
  
 This software contains proprietary and confidential information,
 including trade secrets, belonging to Gaussian, Inc.
  
 This software is provided under written license and may be
 used, copied, transmitted, or stored only in accord with that
 written license.
  
 The following legend is applicable only to US Government
 contracts under FAR:
  
                    RESTRICTED RIGHTS LEGEND
  
 Use, reproduction and disclosure by the US Government is
 subject to restrictions as set forth in subparagraphs (a)
 and (c) of the Commercial Computer Software - Restricted
 Rights clause in FAR 52.227-19.
  
 Gaussian, Inc.
 340 Quinnipiac St., Bldg. 40, Wallingford CT 06492
  
  
 ---------------------------------------------------------------
 Warning -- This program may not be used in any manner that
 competes with the business of Gaussian, Inc. or will provide
 assistance to any competitor of Gaussian, Inc.  The licensee
 of this program is prohibited from giving any competitor of
 Gaussian, Inc. access to this program.  By using this program,
 the user acknowledges that Gaussian, Inc. is engaged in the
 business of creating and licensing software in the field of
 computational chemistry and represents and warrants to the
 licensee that it is not a competitor of Gaussian, Inc. and that
 it will not use this program in any manner prohibited above.
 ---------------------------------------------------------------
  

 Cite this work as:
 Gaussian 09, Revision D.01,
 M. J. Frisch, G. W. Trucks, H. B. Schlegel, G. E. Scuseria, 
 M. A. Robb, J. R. Cheeseman, G. Scalmani, V. Barone, B. Mennucci, 
 G. A. Petersson, H. Nakatsuji, M. Caricato, X. Li, H. P. Hratchian, 
 A. F. Izmaylov, J. Bloino, G. Zheng, J. L. Sonnenberg, M. Hada, 
 M. Ehara, K. Toyota, R. Fukuda, J. Hasegawa, M. Ishida, T. Nakajima, 
 Y. Honda, O. Kitao, H. Nakai, T. Vreven, J. A. Montgomery, Jr., 
 J. E. Peralta, F. Ogliaro, M. Bearpark, J. J. Heyd, E. Brothers, 
 K. N. Kudin, V. N. Staroverov, T. Keith, R. Kobayashi, J. Normand, 
 K. Raghavachari, A. Rendell, J. C. Burant, S. S. Iyengar, J. Tomasi, 
 M. Cossi, N. Rega, J. M. Millam, M. Klene, J. E. Knox, J. B. Cross, 
 V. Bakken, C. Adamo, J. Jaramillo, R. Gomperts, R. E. Stratmann, 
 O. Yazyev, A. J. Austin, R. Cammi, C. Pomelli, J. W. Ochterski, 
 R. L. Martin, K. Morokuma, V. G. Zakrzewski, G. A. Voth, 
 P. Salvador, J. J. Dannenberg, S. Dapprich, A. D. Daniels, 
 O. Farkas, J. B. Foresman, J. V. Ortiz, J. Cioslowski, 
 and D. J. Fox, Gaussian, Inc., Wallingford CT, 2013.
 
 ******************************************
 Gaussian 09:  ES64L-G09RevD.01 24-Apr-2013
                 4-Jun-2019 
 ******************************************
 ------------------------------------
 # PBEPBE/def2SVP Force Pop=Hirshfeld
 ------------------------------------
 1/10=7,30=1,38=1/1,3;
 2/12=2,17=6,18=5,40=1/2;
 3/5=43,7=101,11=2,16=1,25=1,30=1,71=1,74=1009/1,2,3;
 4//1;
 5/5=2,38=5/2;
 6/7=2,8=2,9=2,10=2,28=1,79=1/1;
 7/29=1/1,2,3,16;
 1/10=7,30=1/3;
 99//99;
 -------------------------------------
 Gaussian calculation created by SCINE
 -------------------------------------
 Symbolic Z-matrix:
 Charge =  0 Multiplicity = 1
 H                     0.74937   0.        0.44243 
 O                     0.        0.       -0.16535 
 H                    -0.74937   0.        0.44243 
 

 GradGradGradGradGradGradGradGradGradGradGradGradGradGradGradGradGradGrad
 Berny optimization.
 Initialization pass.
 Trust Radius=3.00D-01 FncErr=1.00D-07 GrdErr=1.00D-07
 Number of steps in this run=      2 maximum allowed number of steps=      2.
 GradGradGradGradGradGradGradGradGradGradGradGradGradGradGradGradGradGrad

                          Input orientation:                          
 ---------------------------------------------------------------------
 Center     Atomic      Atomic             Coordinates (Angstroms)
 Number     Number       Type             X           Y           Z
 ---------------------------------------------------------------------
      1          1           0        0.749368    0.000000    0.442433
      2          8           0        0.000000    0.000000   -0.165351
      3          1           0       -0.749368    0.000000    0.442433
 ---------------------------------------------------------------------
                    Distance matrix (angstroms):
                    1          2          3
     1  H    0.000000
     2  O    0.964859   0.000000
     3  H    1.498736   0.964859   0.000000
 Stoichiometry    H2O
 Framework group  C2V[C2(O),SGV(H2)]
 Deg. of freedom     2
 Full point group                 C2V     NOp   4
 Largest Abelian subgroup         C2V     NOp   4
 Largest concise Abelian subgroup C2      NOp   2
                         Standard orientation:                         
 ---------------------------------------------------------------------
 Center     Atomic      Atomic             Coordinates (Angstroms)
 Number     Number       Type             X           Y           Z
 ---------------------------------------------------------------------
      1          1           0        0.000000    0.749368   -0.486227
      2          8           0        0.000000    0.000000    0.121557
      3          1           0        0.000000   -0.749368   -0.486227
 ---------------------------------------------------------------------
 Rotational constants (GHZ):    764.2747404    446.4897961    281.8391708
 Standard basis: def2SVP (5D, 7F)
 There are    12 symmetry adapted cartesian basis functions of A1  symmetry.
 There are     2 symmetry adapted cartesian basis functions of A2  symmetry.
 There are     4 symmetry adapted cartesian basis functions of B1  symmetry.
 There are     7 symmetry adapted cartesian basis functions of B2  symmetry.
 There are    11 symmetry adapted basis functions of A1  symmetry.
 There are     2 symmetry adapted basis functions of A2  symmetry.
 There are     4 symmetry adapted basis functions of B1  symmetry.
 There are     7 symmetry adapted basis functions of B2  symmetry.
    24 basis functions,    39 primitive gaussians,    25 cartesian basis functions
     5 alpha electrons        5 beta electrons
       nuclear repulsion energy         9.1282836881 Hartrees.
 NAtoms=    3 NActive=    3 NUniq=    2 SFac= 2.25D+00 NAtFMM=   60 NAOKFM=F Big=F
 Integral buffers will be    131072 words long.
 Raffenetti 2 integral format.
 Two-electron integral symmetry is turned on.
 One-electron integrals computed using PRISM.
   4 Symmetry operations used in ECPInt.
 ECPInt:  NShTT=      78 NPrTT=     272 LenC2=      79 LenP2D=     271.
 LDataN:  DoStor=T MaxTD1= 4 Len=   56
 NBasis=    24 RedAO= T EigKep=  5.93D-02  NBF=    11     2     4     7
 NBsUse=    24 1.00D-06 EigRej= -1.00D+00 NBFU=    11     2     4     7
 ExpMin= 1.22D-01 ExpMax= 2.27D+03 ExpMxC= 3.41D+02 IAcc=1 IRadAn=         1 AccDes= 0.00D+00
 Harris functional with IExCor= 1009 and IRadAn=       1 diagonalized for initial guess.
 HarFok:  IExCor= 1009 AccDes= 0.00D+00 IRadAn=         1 IDoV= 1 UseB2=F ITyADJ=14
 ICtDFT=  3500011 ScaDFX=  1.000000  1.000000  1.000000  1.000000
 FoFCou: FMM=F IPFlag=           0 FMFlag=      100000 FMFlg1=           0
         NFxFlg=           0 DoJE=T BraDBF=F KetDBF=T FulRan=T
         wScrn=  0.000000 ICntrl=     500 IOpCl=  0 I1Cent=   200000004 NGrid=           0
         NMat0=    1 NMatS0=      1 NMatT0=    0 NMatD0=    1 NMtDS0=    0 NMtDT0=    0
 Petite list used in FoFCou.
 Initial guess orbital symmetries:
       Occupied  (A1) (A1) (B2) (A1) (B1)
       Virtual   (A1) (B2) (B2) (A1) (B1) (A1) (B2) (A1) (A2) (A1)
                 (B1) (B2) (B2) (A1) (B1) (A2) (A1) (A1) (B2)
 The electronic state of the initial guess is 1-A1.
 Keep J ints in memory in symmetry-blocked form, NReq=926891.
 Requested convergence on RMS density matrix=1.00D-08 within 128 cycles.
 Requested convergence on MAX density matrix=1.00D-06.
 Requested convergence on             energy=1.00D-06.
 No special actions if energy rises.
 Integral accuracy reduced to 1.0D-05 until final iterations.
 Initial convergence to 1.0D-05 achieved.  Increase integral accuracy.
 SCF Done:  E(RPBE-PBE) =  -76.2723859411     A.U. after   10 cycles
            NFock= 10  Conv=0.84D-08     -V/T= 2.0062

 **********************************************************************

            Population analysis using the SCF density.

 **********************************************************************

 Orbital symmetries:
       Occupied  (A1) (A1) (B2) (A1) (B1)
       Virtual   (A1) (B2) (B2) (A1) (A1) (B1) (B2) (A1) (A2) (A1)
                 (B1) (B2) (B2) (A1) (B1) (A2) (A1) (A1) (B2)
 The electronic state is 1-A1.
 Alpha  occ. eigenvalues --  -18.73695  -0.89074  -0.45379  -0.30969  -0.22869
 Alpha virt. eigenvalues --    0.02753   0.10513   0.51126   0.57971   0.87029
 Alpha virt. eigenvalues --    0.87170   0.96106   1.04869   1.29440   1.32640
 Alpha virt. eigenvalues --    1.47853   1.73610   2.12899   2.17794   2.87984
 Alpha virt. eigenvalues --    2.90363   3.09807   3.38830   3.73584
          Condensed to atoms (all electrons):
               1          2          3
     1  H    0.574241   0.320251  -0.032991
     2  O    0.320251   7.636496   0.320251
     3  H   -0.032991   0.320251   0.574241
 Mulliken charges:
               1
     1  H    0.138499
     2  O   -0.276998
     3  H    0.138499
 Sum of Mulliken charges =   0.00000
 Mulliken charges with hydrogens summed into heavy atoms:
               1
     2  O    0.000000
 Electronic spatial extent (au):  <R**2>=             19.0462
 Charge=              0.0000 electrons
 Dipole moment (field-independent basis, Debye):
    X=              0.0000    Y=              0.0000    Z=             -1.9706  Tot=              1.9706
 Quadrupole moment (field-independent basis, Debye-Ang):
   XX=             -7.0093   YY=             -4.4442   ZZ=             -5.9309
   XY=              0.0000   XZ=              0.0000   YZ=              0.0000
 Traceless Quadrupole moment (field-independent basis, Debye-Ang):
   XX=             -1.2145   YY=              1.3506   ZZ=             -0.1361
   XY=              0.0000   XZ=              0.0000   YZ=              0.0000
 Octapole moment (field-independent basis, Debye-Ang**2):
  XXX=              0.0000  YYY=              0.0000  ZZZ=             -1.0346  XYY=              0.0000
  XXY=              0.0000  XXZ=             -0.2695  XZZ=              0.0000  YZZ=              0.0000
  YYZ=             -1.0587  XYZ=              0.0000
 Hexadecapole moment (field-independent basis, Debye-Ang**3):
 XXXX=             -4.8544 YYYY=             -6.2865 ZZZZ=             -6.2097 XXXY=              0.0000
 XXXZ=              0.0000 YYYX=              0.0000 YYYZ=              0.0000 ZZZX=              0.0000
 ZZZY=              0.0000 XXYY=             -2.0929 XXZZ=             -1.9000 YYZZ=             -1.7508
 XXYZ=              0.0000 YYXZ=              0.0000 ZZXY=              0.0000
 N-N= 9.128283688091D+00 E-N=-1.987546833213D+02  KE= 7.580116089441D+01
 Symmetry A1   KE= 6.763755151484D+01
 Symmetry A2   KE= 1.167217976989D-35
 Symmetry B1   KE= 4.610328061172D+00
 Symmetry B2   KE= 3.553281318399D+00
 There are a total of       23360 grid points.
 ElSum from          density=        9.9999967554
 ElSum from atomic densities=        9.9999946857
 Hirshfeld populations at iteration   1 (CA, CB, DipXYZ):
               1          2          3          4          5
     1  H    0.418417   0.418417   0.000000   0.153405  -0.129388
     2  O    4.163164   4.163164   0.000000   0.000000  -0.141704
     3  H    0.418417   0.418417   0.000000  -0.153405  -0.129388
       Tot   4.999998   4.999998   0.000000   0.000000  -0.400479

 Dip from Atomic Chgs              0.000000   0.000000  -0.374805
         Total Dipole              0.000000   0.000000  -0.775285

 Hirshfeld charges, spin densities, dipoles, and CM5 charges using IRadAn=      4:
              Q-H        S-H        Dx         Dy         Dz        Q-CM5   
     1  H    0.163166   0.000000   0.000000   0.153405  -0.129388   0.328269
     2  O   -0.326328   0.000000   0.000000   0.000000  -0.141704  -0.656534
     3  H    0.163166   0.000000   0.000000  -0.153405  -0.129388   0.328269
       Tot   0.000003   0.000000   0.000000   0.000000  -0.400479   0.000003
 Hirshfeld charges with hydrogens summed into heavy atoms:
              Q-H       Q-CM5   
     2  O    0.000003   0.000003
 
 EQQ= 0.000000000000E+00 EQD= 0.000000000000E+00 EDD= 0.575048934942E-02
 EQQ+QD+DD= 0.575048934942E-02
 
   4 Symmetry operations used in ECPInt.
 ECPInt:  NShTT=      78 NPrTT=     272 LenC2=      79 LenP2D=     271.
 LDataN:  DoStor=T MaxTD1= 5 Len=  102
 Calling FoFJK, ICntrl=      2527 FMM=F ISym2X=1 I1Cent= 0 IOpClX= 0 NMat=1 NMatS=1 NMatT=0.
 ***** Axes restored to original set *****
 -------------------------------------------------------------------
 Center     Atomic                   Forces (Hartrees/Bohr)
 Number     Number              X              Y              Z
 -------------------------------------------------------------------
      1        1           0.008031895    0.000000000    0.005389675
      2        8           0.000000000    0.000000000   -0.010779349
      3        1          -0.008031895    0.000000000    0.005389675
 -------------------------------------------------------------------
 Cartesian Forces:  Max     0.010779349 RMS     0.005805306

 GradGradGradGradGradGradGradGradGradGradGradGradGradGradGradGradGradGrad
 Berny optimization.
 Search for a local minimum.
 Step number   1 out of a maximum of    2
 All quantities printed in internal units (Hartrees-Bohrs-Radians)
 Second derivative matrix not updated -- first step.
 The second derivative matrix:
                          X1        Y1        Z1        X2        Y2
           X1           0.34749
           Y1           0.00000   1.00000
           Z1           0.24280   0.00000   0.24505
           X2          -0.32839   0.00000  -0.26634   0.65678
           Y2           0.00000   0.00000   0.00000   0.00000   1.00000
           Z2          -0.21925   0.00000  -0.27408   0.00000   0.00000
           X3          -0.01910   0.00000   0.02355  -0.32839   0.00000
           Y3           0.00000   0.00000   0.00000   0.00000   0.00000
           Z3          -0.02355   0.00000   0.02903   0.26634   0.00000
                          Z2        X3        Y3        Z3
           Z2           0.54817
           X3           0.21925   0.34749
           Y3           0.00000   0.00000   1.00000
           Z3          -0.27408  -0.24280   0.00000   0.24505
 ITU=  0
     Eigenvalues ---    0.14137   0.86421   0.96269
 Angle between quadratic step and forces=  42.49 degrees.
 ClnCor:  largest displacement from symmetrization is 1.30D-15 for atom     3.
 Linear search not attempted -- first point.
 ClnCor:  largest displacement from symmetrization is 2.47D-32 for atom     1.
 TrRot=  0.000000  0.000000 -0.001035  0.000000  0.000000  0.000000
 Variable       Old X    -DE/DX   Delta X   Delta X   Delta X     New X
                                 (Linear)    (Quad)   (Total)
    X1        1.41610   0.00803   0.00000   0.01946   0.01946   1.43556
    Y1        0.00000   0.00000   0.00000   0.00000   0.00000   0.00000
    Z1        0.83608   0.00539   0.00000   0.00240   0.00137   0.83744
    X2        0.00000   0.00000   0.00000   0.00000   0.00000   0.00000
    Y2        0.00000   0.00000   0.00000   0.00000   0.00000   0.00000
    Z2       -0.31247  -0.01078   0.00000  -0.00170  -0.00273  -0.31520
    X3       -1.41610  -0.00803   0.00000  -0.01946  -0.01946  -1.43556
    Y3        0.00000   0.00000   0.00000   0.00000   0.00000   0.00000
    Z3        0.83608   0.00539   0.00000   0.00240   0.00137   0.83744
         Item               Value     Threshold  Converged?
 Maximum Force            0.010779     0.000450     NO 
 RMS     Force            0.005805     0.000300     NO 
 Maximum Displacement     0.019459     0.001800     NO 
 RMS     Displacement     0.009241     0.001200     NO 
 Predicted change in Energy=-1.783803D-04
 GradGradGradGradGradGradGradGradGradGradGradGradGradGradGradGradGradGrad

 1\1\GINC-WS57\Force\RPBEPBE\def2SVP\H2O1\CBRUNKEN\04-Jun-2019\0\\# PBE
 PBE/def2SVP Force Pop=Hirshfeld\\Gaussian calculation created by SCINE
 \\0,1\H,0.7493682,0.,0.4424329\O,0.,0.,-0.1653507\H,-0.7493682,0.,0.44
 24329\\Version=ES64L-G09RevD.01\State=1-A1\HF=-76.2723859\RMSD=8.376e-
 09\RMSF=5.805e-03\Dipole=0.,0.,0.7752847\Quadrupole=1.0041463,-0.90295
 46,-0.1011917,0.,0.,0.\PG=C02V [C2(O1),SGV(H2)]\\@


 TELEVISION IS CALLED A MEDIUM BECAUSE IT ISN'T
 RARE, AND IT ISN'T WELL DONE.
 Job cpu time:       0 days  0 hours  0 minutes  0.9 seconds.
 File lengths (MBytes):  RWF=      5 Int=      0 D2E=      0 Chk=      1 Scr=      1
 Normal termination of Gaussian 09 at Tue Jun  4 18:06:06 2019.
