           Doing BLAS/Lapack in the master proc. with  4 CPUs.
           SMPCPUS    set: Shared-memory Parallelization with   4 CPUs.

           SMP Parallelization Reference:
           C. van Wullen, J. Comput. Chem. 32 (2011) 1195--1201

 force (ws59.ethz.ch) : TURBOMOLE rev. V7.4.1 (b987a8a8) compiled 15 Oct 2019 at 12:03:25
 Copyright (C) 2019 TURBOMOLE GmbH, Karlsruhe


    2021-04-20 17:52:43.677 



                             T U R B O M O L E   

                          a o f o r c e - program

                        using direct algorithms for

                       SCF level calculations of
                         * harmonic force constants
                         * hyperpolarizabilities
                         * IR and RAMAN intensities
                         * VCD intensities

                       DFT level calculations of
                         * harmonic force constants
                         * IR intensities
                                                   
       Stephan Boecker, Peter Deglmann, Filipp Furche and Marco Haeser
                          Quantum Chemistry Group
                          Universitaet  Karlsruhe
                                   Germany

 
 
 
 
     References :
 
       RI-J implementation:
         Peter Deglmann, Klaus May, Filipp Furche, Reinhart Ahlrichs
                 Chem. Phys. Lett. 384:103 (2004)
 
       Efficiency, technical details:
         Peter Deglmann, Filipp Furche, Reinhart Ahlrichs
                 Chem. Phys. Lett. 362:511 (2002)
 
       Search of lowest eigenvalues by iterative diagonalization:
         Peter Deglmann, Filipp Furche
                 J. Chem. Phys. 117:9535 (2002)
 
       Vibrational circular dichroism implementation:
        Kevin Reiter, Michael Kuehn, Florian Weigend
                 J. Chem. Phys. 146:054102 (2017)  
 
 


              +--------------------------------------------------+
              | Atomic coordinate, charge and isotop information |
              +--------------------------------------------------+

                    atomic coordinates            atom    charge  isotop
          0.07573550   -0.74685600    0.00000000    o      8.000     0
         -1.47931000    0.22736500    0.00000000    h      1.000     0
          1.40357000    0.51949100    0.00000000    h      1.000     0
 
       center of nuclear mass  :    0.06302290   -0.62149476    0.00000000
       center of nuclear charge:    0.05301440   -0.52279920    0.00000000

              +--------------------------------------------------+
              |               basis set information              |
              +--------------------------------------------------+

              we will work with the 1s 3p 5d 7f 9g ... basis set
              ...i.e. with spherical basis functions...

   type   atoms  prim   cont   basis
   ---------------------------------------------------------------------------
    o        1     24     14   def-SV(P)   [3s2p1d|7s4p1d]
    h        2      4      2   def-SV(P)   [2s|4s]
   ---------------------------------------------------------------------------
   total:    3     32     18
   ---------------------------------------------------------------------------

   total number of primitive shells          :   16
   total number of contracted shells         :   10
   total number of cartesian basis functions :   19
   total number of SCF-basis functions       :   18

 
             FOUND RI-J FLAG !
 

 NOTE: THIS IS A PRELIMINARY IMPLEMENTATION. THE RI APPROXIMATION IS
       PRESENTLY USED FOR CPKS CONTRIBUTIONS TO THE HESSIAN ONLY! SEE
       MANUAL FOR FURTHER DETAILS.

  
 AUXILIARY BASIS SET information:

              we will work with the 1s 3p 5d 7f 9g ... basis set
              ...i.e. with spherical basis functions...

   type   atoms  prim   cont   basis
   ---------------------------------------------------------------------------
    o        1     39     37   def-SV(P)   [6s3p3d1f|8s3p3d1f]
    h        2     10      5   def-SV(P)   [2s1p|4s2p]
   ---------------------------------------------------------------------------
   total:    3     59     47
   ---------------------------------------------------------------------------

   total number of primitive shells          :   21
   total number of contracted shells         :   19
   total number of cartesian basis functions :   53
   total number of SCF-basis functions       :   47


 symmetry group of the molecule :   c1 

 the group has the following generators :
   c1(z)

    1 symmetry operations found

 there are 1 real representations :   a   

 maximum number of shells which are related by symmetry :  1


 determining totally symmetric integral contributions 
    - equivalent to irreducible tensor elements - 
 which can be formed within each triple of representations :

             representation triple      contributions

              a     a     a               1
 ==============================================================================
                      COSMO switched on
 ==============================================================================
 COSMO: using fepsi screening:        0.98146
       UHF mode switched on !

    mo occupation :
   irrep   mo's   occupied
    a       18        5
 
 number of basis functions   :                     18
 number of occupied orbitals :                      5
 
 ALPHA-Occupation:                     5
 BETA-Occupation :                     5
  MOs are in ASCII format !


 reading orbital data $uhfmo_alpha  from file alpha
 orbital characterization : scfconv=8

 reading orbital data $uhfmo_beta  from file beta
 orbital characterization : scfconv=8
 time elapsed for calculating density matrices :   0.000 sec

 number of non-frozen orbitals          :    18
 number of non-frozen occupied orbitals :     5

 number of non-frozen orbitals          :    18
 number of non-frozen occupied orbitals :     5
 Blocking parameters 
 shells:
    index      start shell   last shell  start bf    last bf    #bf 
       1             1          10             1         19     19
          size of I/O Block in Byte:                  25992
  
           ----------------------
               RI - INFORMATION
           ----------------------

 biggest AO integral is expected to be     4.776656448

 Threshold for integral neglect (rithr2):   0.13E-10
 Threshold for integral neglect (rithr1):   0.13E-10

 Contributions to RI integral batches: 
  neglected integral batches:                     0
  direct contribution:                            0
  memory contribution:                    55
 Core memory available (ricore):               500 MiB
 Core memory needed for (P|Q) and Cholesky:      1 MiB
 Core memory used for integrals:                 1 MiB
 
 ****************************************
 Memory allocated for RIDFT: 1 MiB
 ****************************************
 
  
           ------------------
           density functional
           ------------------
 PBE functional
 exchange:    LDA + PBE
 correlation: LDA (PW) + PBE

 iterations will be done with small grid
  
 spherical integration : Lebedev's spherical grid
 spherical gridsize    :                     3
    i.e. gridpoints    :                   302
 value for diffuse not defined
 radial integration    : Chebyshev 2nd kind (scaling 3)
 radial gridsize       :                     3
 integration cells     :                     3
 partition function    : becke
 partition sharpness   :                     3
  
 
 Derivatives of quadrature weights will be included
 
 preparing DFT   numerical integration ....
          Overall gridpoints after grid construction =         13752
 Ordering of quadrature gridpoints disabled.
 COSMO stati: segments per atom: H   32 other atoms   92
 COSMO statistics: nps    136 npspher:     92
 COSMO surface:
   number of segments:  136
   area (bohr**2):      153.816587
   volume (bohr**3):    172.686423
 COSMO: check number of disjunct cavities:

       ... OK contiguous cavity found
 
 
 
 
 OCCUPIED-OCCUPIED TENSOR SPACES :

          IRREP   tensor space dimension   number of roots

           a                50                   3
 
 OCCUPIED-VIRTUAL TENSOR SPACES :

          IRREP   tensor space dimension   number of roots

           a               130                   3
 
 
 
 
 CONSTRUCTING integral bounds

 setting up bound for integral derivative estimation

 increment for numerical differentiation : 0.00050000
 
 machine precision:   2.220446049250313E-016

 integral neglect threshold       :  0.10E-09
 integral storage threshold THIZE :  0.10E-04
 integral storage threshold THIME :         5

 
 
 
 PREPARING NUMERICAL INTEGRATION
 
 Remaining core memory for DFT =                  2000 MB
 
 Memory needed per atom    =                     8 KiB
 
     i. e.                     3 atoms per loop

 Calculating ground state density on molecular grid

 Integral of ground state total density: Na =   10.00000040241310    

 Integral of ground state spin density:  Nb = -0.2414002056204317E-11


 
 
 CONSTRUCTING first deriv. of <mu|x,y,z|nu> -> Dip. deriv.
  dipole integral derivatives will be neglected if
  expon. factor <0.263158E-11
      ...terminated. cpu:       0.00       wall:       0.00
 
 
 
 
 CONSTRUCTING first deriv. of  <mu|nu>
                               <mu|h|nu>    -> RHS
              second deriv. of <mu|nu>      -> Hessian
                               <mu|h|nu>    -> Hessian
                               nucl. rep.   -> Hessian
     integrals are neglected if expon. factor <  2.631578947368421E-013
  _________________________________
 |                                 |
 |         DFTD3 V3.1 Rev 0        |
 | S.Grimme, University Bonn       |
 |            June  2014           |
 |   see standalone version        |
 |       dftd3 -h for options      |
 |_________________________________|
 
 Please cite DFT-D3 work done with this code as:
 S. Grimme, J. Antony, S. Ehrlich and H. Krieg,
 J. Chem. Phys, 132 (2010), 154104.
 If used with BJ-damping cite also
 S. Grimme, S. Ehrlich and L. Goerigk,
 J. Comput. Chem. 32 (2011), 1456-1465
 For DFT-D2 the reference is
 S. Grimme, J. Comput. Chem., 27 (2006), 1787-1799
 
C6 coefficients used:
                     2  C6 for element                      1
Z=  1 CN= 0.912     C6(AA)=    3.03
Z=  1 CN= 0.000     C6(AA)=    7.59
                     3  C6 for element                      8
Z=  8 CN= 0.000     C6(AA)=   15.51
Z=  8 CN= 0.993     C6(AA)=   12.82
Z=  8 CN= 1.989     C6(AA)=   10.37

#           XYZ [au]              R0(AA) [Ang.]  CN          C6(AA)     C8(AA)   C10(AA) [au]
  1   0.05574  -0.74686   0.00000   o   0.510  1.985        10.4       210.2      5195.4
  2  -1.47931   0.22737   0.00000   h   0.395  0.995         3.1        37.4       553.7
  3   1.40357   0.51949   0.00000   h   0.395  0.992         3.1        37.4       553.9

molecular C6(AA) [au] =        44.54

           DFT-D V3(BJ)
 DF pbe                                               
 parameters
 s6       :    1.0000
 s8       :    0.7875
 a1       :    0.4289
 a2       :    4.4407
 k1-k3    :   16.0000    1.3333   -4.0000
 
 Edisp /kcal,au:    -0.2256 -0.00035947

 E6    /kcal :    -0.1718
 E8    /kcal :    -0.0538
 % E8        : 23.85
 
 doing analytical gradient O(N^2) ...
 
 |G|=  5.828271791050599E-006
      ...terminated. cpu:       0.18       wall:       0.05
 
 
 
 
 CONSTRUCTING second deriv. of 2e energy    -> Hessian
   treating Coulomb (and exchange) contribution
     integrals will be neglected if total contribution <  2.631578947368421E-009
      ...terminated. cpu:       0.04       wall:       0.01
   treating exchange-correlation contribution
      ...terminated. cpu:       0.47       wall:       0.07
 
 
 
 
 CONSTRUCTING S(i,j)xi
      ...terminated. cpu:       0.00       wall:       0.00
 
 
 
 
 CONSTRUCTING <i|x,y,z|j>*S(i,j)xi          -> Dip. deriv.
      ...terminated. cpu:       0.00       wall:       0.00
 
 
 
 
 CONSTRUCTING epsilon(i)*S(i,j)xi*S(i,j)chi -> Hessian
      ...terminated. cpu:       0.00       wall:       0.00
 
 
 
 
 CONSTRUCTING G(a,i)[S(k,l)xi]              -> RHS
              G(i,j)[S(k,l)xi]*S(i,j)chi    -> Hessian
 
         Maximum core memory set to                   2000 MB
         This corresponds to                344926 vectors in CAO basis
      ...terminated. cpu:       0.11       wall:       0.02
 
 
 
 
 CONSTRUCTING G(mu,nu)[D(kap,lam)]xi
 
          Maximum core memory set to                   2000 MB
          Atoms treated simultaneously :                     3
 max of dfo   4.23965945576547     
      ...terminated. cpu:       0.23       wall:       0.03
 
 
 
 
 CONSTRUCTING F(a,i)xi                      -> RHS
              F(i,j)xi*S(i,j)chi            -> Hessian
 
        Maximum core memory set to                  2000 MB
        This corresponds to                514007 vectors in CAO basis
      ...terminated. cpu:       0.00       wall:       0.00
 
 
 
 
 CONSTRUCTING epsilon(i)*S(a,i)xi           -> RHS
      ...terminated. cpu:       0.00       wall:       0.00
 
 
 
 
 SOLVING CPHF equations
 
 Residuum convergence criterium   :  1.000000000000000E-005
 
 Maximum number of Davidson iterations set to                    25
  Switching to small grid
        preparing DFT   numerical integration ....
          Overall gridpoints after grid construction =          3533

 Calculating ground state density on molecular grid

 Integral of ground state total density: Na =   9.999241337341690    

 Integral of ground state spin density:  Nb = -0.8960343463308582E-08




                       Block Davidson iteration


 total number of roots to be determined: 3


 maximum core memory set to  2000 MB,
 corresponding to   292245 vectors in CAO basis


 maximum number of simultaneously treated vectors (including degeneracy):        3


 Iteration IRREP Converged      Max. Euclidean
                 roots          residual norm

    1       a        0        1.385357389049619D-01
 
    2       a        0        8.037274726790404D-03
 
    3       a        0        1.733155821492459D-04
 
    4       a        3        5.983591821993970D-06
 

 converged!

  Switching to fine grid
        preparing numerical DFT   integration ....
          Overall gridpoints after grid construction =         13752

 Calculating ground state density on molecular grid

 Integral of ground state total density: Na =   10.00000040241316    

 Integral of ground state spin density:  Nb = -0.2414009764913689E-11



 Iteration IRREP Converged      Max. Euclidean
                 roots          residual norm

    5       a        0        8.770669336331749D-05
 

 NOTE: Residual norms are larger than 1.00D-05 due to mgrid option!

      ...terminated. cpu:       0.48       wall:       0.10
 
 
 
 
 CONSTRUCTING <a|x,y,z|i>*U(a,i)xi          -> Dip. deriv.
      ...terminated. cpu:       0.00       wall:       0.00
 
 
 
 
 CONSTRUCTING RHS(a,i)xi*U(a,i)chi          -> Hessian
      ...terminated. cpu:       0.00       wall:       0.00
 
 
 
 

            -----------------------
            permanent dipole moment
            -----------------------

                                   x                y                z
    electronic part       :   -0.6258949131     6.1706781276    -0.0000079815
     nuclear   part       :    0.5301440000    -5.2279920000     0.0000000000
     total                :   -0.0957509131     0.9426861276    -0.0000079815

 with reference to the point :   0.0000000        0.0000000        0.0000000
 (given in atomic units)
    | dipole |       :    2.4084156942  debye

   ***  dipole moment & cartesian dipole gradients written onto
        $dipole, $dipgrad,  file=<dipgrad>  ***

             -----------------------------------
             rotational and vibrational analysis
             -----------------------------------


            ==============================================================
            ATOMIC WEIGHTS (average over the natural occurance of isotops)
            ==============================================================
            ('*' denotes special isotop !)
              1     o                15.99940
              2     h                 1.00797
              3     h                 1.00797

          -------------------------------------------------
          CARTESIAN FORCE CONSTANT MATRIX (hartree/bohr**2)
         (translational & rotational space projected out)
          -------------------------------------------------

   ATOM              1 o                           2 h 
                  dx        dy        dz        dx        dy        dz
   1 o     dx  0.6234877
           dy  0.0206903 0.4259025
           dz  0.0000000 0.0000000 0.0000000
   2 h     dx -0.3549496 0.1751432 0.0000000 0.3802435
           dy  0.2283787-0.1693317 0.0000000-0.1980560 0.1582424
           dz  0.0000000 0.0000000 0.0000000 0.0000000 0.0000000 0.0000000
   3 h     dx -0.2685380-0.1958335 0.0000000-0.0252939-0.0303228 0.0000000
           dy -0.2490690-0.2565708 0.0000000 0.0229128 0.0110893 0.0000000
           dz  0.0000000 0.0000000 0.0000000 0.0000000 0.0000000 0.0000000

   ATOM              3 h 
                  dx        dy        dz
   3 h     dx  0.2938319
           dy  0.2261563 0.2454815
           dz  0.0000000 0.0000000 0.0000000
 

   *** projected hessian written onto $hessian (projected), file=<hessian> ***

 dipole moment in principle axis system (a.u.) :
    -0.0003091278     0.9475364251    -0.0000079815
 norm :  0.947536475607343     

 rotational constants b for rotations around axis of inertia
 and optical intensities for (1 <-- 0) transition

   b   :    26.5189214708    14.2261333013     9.2590797573   (cm**(-1))
   b   :      795017.2651      426488.7470      277580.2279     (MHz)
  int. :     0.0000000956     0.8978252770     0.0000000001     (a.u.)

   x   :     0.9949140111    -0.1007279034     0.0000000000
   y   :     0.1007279034     0.9949140111     0.0000000000
   z   :     0.0000000000     0.0000000000     1.0000000000

   ***  normal modes written onto $vibrational normal modes, file=<vib_normal_modes>  ***

 keyword $vibrational reduced masses missing in file <control>


   ***  vibrational spectroscopic data written onto$vibrational spectrum   
        file=<vibspectrum>  ***

          ---------------------------------------------------
          NORMAL MODES and VIBRATIONAL FREQUENCIES (cm**(-1))
          ---------------------------------------------------

 imaginary wave numbers indicate a negative curvature of the energy surface.
 zero frequency modes have no physical meaning except being generators of
 translations and rotations. each vibrational normal mode - given in terms of
 cartesian displacement vectors of all atoms - has been normalized to unity.
 to obtain mass-weigthed normal coordinates in a.u. divide the tabulated
 modes by sqrt(reduced mass * 1822.88853).
 band intensities or cross sections refer to independent non-degenerate normal
 modes, that is, the intensities of degenerate modes have yet to be added.
 dDIP/dQ is the normal mode derivative of the dipole moment.


       mode               1        2        3        4        5        6

     frequency           0.00     0.00     0.00     0.00     0.00     0.00

     symmetry                                                             

        IR                -        -        -        -        -        - 
|dDIP/dQ|   (a.u.)     0.0000   0.0000   0.0000   0.0000   0.0000   0.0000
intensity (km/mol)       0.00     0.00     0.00     0.00     0.00     0.00
intensity (  %   )       0.00     0.00     0.00     0.00     0.00     0.00
 
       RAMAN              -        -        -        -        -        - 
 
  1   o           x   0.55302  0.00000  0.00000  0.04983 -0.01433  0.04715
                  y  -0.06867  0.00000  0.00000  0.11206  0.26883  0.11077
                  z   0.00000  1.00000  0.00000  0.00000  0.00000  0.00000
  2   h           x   0.50264  0.00000  0.00000 -0.33740  0.18291  0.12842
                  y  -0.14908  0.00000  0.00000 -0.50603  0.58366  0.24050
                  z   0.42058  0.00000  0.00000  0.00000  0.70344 -0.94225
  3   h           x   0.48753  0.00000  0.00000 -0.45351  0.24205  0.15279
                  y   0.00000  0.00000  0.00000  0.63983  0.00000  0.00000
                  z   0.00000  0.00000  1.00000  0.00000  0.00000  0.00000

reduced mass(g/mol)     5.664   15.999    1.008    1.233    2.094    1.225


       mode               7        8        9

     frequency        1538.72  3665.11  3766.65

     symmetry            a        a        a   

        IR               YES      YES      YES
|dDIP/dQ|   (a.u.)     0.0078   0.0025   0.0062
intensity (km/mol)     108.38    11.37    68.25
intensity (  %   )     100.00    10.49    62.97
 
       RAMAN             YES      YES      YES
 
  1   o           x  -0.00708 -0.00615 -0.06973
                  y   0.06969  0.05033 -0.00786
                  z   0.00000  0.00000  0.00000
  2   h           x  -0.37572  0.62678  0.58822
                  y  -0.59694 -0.34738 -0.36908
                  z   0.00000 -0.00000 -0.00000
  3   h           x   0.48805 -0.52912  0.51858
                  y  -0.50931 -0.45158  0.49389
                  z   0.00000  0.00000  0.00000

reduced mass(g/mol)     1.082    1.047    1.082
 

         **************************************************************
         *                                                            *
         *  zero point VIBRATIONAL energy  :      0.0204363  Hartree  *
         *    SCF-energy                   :    -76.2655656           *
         *    SCF + E(vib0)                :    -76.2451294           *
         *                                                            *
         **************************************************************




 time elapsed for vibrational analysis     0.06 sec


    ------------------------------------------------------------------------
         total  cpu-time :   1.84 seconds
         total wall-time :   0.40 seconds
    ------------------------------------------------------------------------

   ****  force : all done  ****


    2021-04-20 17:52:44.068 

