STARTING rdgrad ON 4 PROCESSORS!
RUNNING PROGRAM /data/soft/centos7/qc/turbomole/7.4.1/bin/em64t-unknown-linux-gnu_smp/rdgrad_mpi.
           Doing BLAS/Lapack in the master proc. with  4 CPUs.
           SMPCPUS    set: Shared-memory Parallelization with   4 CPUs.

           SMP Parallelization Reference:
           C. van Wullen, J. Comput. Chem. 32 (2011) 1195--1201

 rdgrad (ws59.ethz.ch) : TURBOMOLE rev. V7.4.1 (b987a8a8) compiled 15 Oct 2019 at 12:03:25
 Copyright (C) 2019 TURBOMOLE GmbH, Karlsruhe


    2021-04-20 17:52:43.245 


 UHF modus switched on !


                                 r d g r a d

                          gradient for ridft program 

                        by K.Eichkorn, O.Treutler, H.Oehm, 
                             M.Haeser and R.Ahlrichs
                  (Chemical Physics Letters 242 (1995) 652-660)
                    parallel version: M.v.Arnim  &  R.Ahlrichs
                            quantum chemistry group
                             university  karlsruhe
                                   germany




                          References             
                                                 
          Density Functional:                              
              O. Treutler and R. Ahlrichs                      
              Efficient Molecular Numerical Integration Schemes
              J. chem. Phys. 102: 346 (1995)                   
          Parallel Version:                                
              Performance of parallel TURBOMOLE for Density    
              Functional Calculations                          
              M. v.Arnim and R. Ahlrichs                      
              J. comp. Chem. 19: 1746 (1998)                   
          RI-J Method:                                     
              Auxiliary Basis Sets to approximate Coulomb      
              Potentials                                       
              Chem. Phys. Lett. 240: 283 (1995)                
              K. Eichkorn, O. Treutler, H. Oehm, M. Haeser     
              and R. Ahlrichs                                  
              Chem. Phys. Lett. 242: 652 (1995)                
                                                           
              Auxiliary Basis Sets for Main Row Atoms and their
              Use to approximate Coulomb Potentials            
              K. Eichkorn, F. Weigend, O. Treutler and         
              R. Ahlrichs                                      
              Theo. Chem. Acc. 97: 119 (1997)                  
          Relativistic Two-component ECP formalism             
              Efficient two-component self-consistent field    
              procedures and gradients: implementation in      
              TURBOMOLE and application to Au20-               
              A. Baldes and F. Weigend                         
              Mol. Phys. 111: 2617 (2013)                      
          Relativistic all-electron 2c calculations (X2C, DLU) 
              Efficient implementation of one- and two-component
              analytical energy gradients in exact two-component
              theory                                           
              Y. J. Franzke, N. Middendorf and F. Weigend      
              J. Chem. Phys. 148: 104110 (2018)                
          Exploitation of symmetry in scalar X2C response      
              NMR shielding tensors and chemical shifts in     
              scalar-relativistic local exact two-component    
              theory                                           
              Y. J. Franzke and F. Weigend                     
              J. Chem. Theory Comput. 15: 1028 (2019)          
                                                              



 integral neglect threshold       :  0.18E-10
 integral storage threshold THIZE :  0.10E-04
 integral storage threshold THIME :         5

 PBE functional
 exchange:    LDA + PBE
 correlation: LDA (PW) + PBE
 A DFT gradient calculation using the RI-J approximation will be carried out.
  
  
 AUXILIARY BASIS SET information:

 symmetry group of the molecule :   c1 

 the group has the following generators :
   c1(z)

    1 symmetry operations found

 there are 1 real representations :   a   

 maximum number of shells which are related by symmetry :  1


    mo occupation :
   irrep   mo's   occupied
    a       18        5
 
 number of basis functions   :                     18
 number of occupied orbitals :                      5
 

 biggest AO integral is expected to be     4.776656448
  
           ------------------
           density functional
           ------------------
 PBE functional
 exchange:    LDA + PBE
 correlation: LDA (PW) + PBE

 iterations will be done with small grid
  
 spherical integration : Lebedev's spherical grid
 spherical gridsize    :                     3
    i.e. gridpoints    :                   302
 value for diffuse not defined
 radial integration    : Chebyshev 2nd kind (scaling 3)
 radial gridsize       :                     3
 integration cells     :                     3
 partition function    : becke
 partition sharpness   :                     3
  
  
           ------------------------
             RDGRAD - INFORMATION
           ------------------------
  
 Threshold for integral neglect (rithr1): 1E-10
 Threshold for integral neglect (rithr2): 1E-10
 Contributions to RI integral batches: 
  neglected integral batches:                     0
  direct contribution:                           55
     
 ****************************************
 Memory allocated for RDGRAD: 1 MiB
 ****************************************
                                            
     

 nuclear repulsion energy  :   9.06471165161    

  MOs are in ASCII format !


 reading orbital data $uhfmo_alpha  from file alpha
 orbital characterization : scfconv=8

 reading orbital data $uhfmo_beta  from file beta
 orbital characterization : scfconv=8
  Deviation of MOs from orthonormality   8.226752612472410E-014
  Deviation of MOs from orthonormality   7.349431373308883E-014

    ----------------------------------------
     S+T+V CONTRIBUTIONS TO ENERGY GRADIENT 
    ----------------------------------------
 ==============================================================================
                      COSMO switched on
 ==============================================================================

 1e-integral 1st. derivatives will be neglected if expon. factor < 0.352378E-13

COSMO: already initialized
  _________________________________
 |                                 |
 |         DFTD3 V3.1 Rev 0        |
 | S.Grimme, University Bonn       |
 |            June  2014           |
 |   see standalone version        |
 |       dftd3 -h for options      |
 |_________________________________|
 
 Please cite DFT-D3 work done with this code as:
 S. Grimme, J. Antony, S. Ehrlich and H. Krieg,
 J. Chem. Phys, 132 (2010), 154104.
 If used with BJ-damping cite also
 S. Grimme, S. Ehrlich and L. Goerigk,
 J. Comput. Chem. 32 (2011), 1456-1465
 For DFT-D2 the reference is
 S. Grimme, J. Comput. Chem., 27 (2006), 1787-1799
 
C6 coefficients used:
                     2  C6 for element                      1
Z=  1 CN= 0.912     C6(AA)=    3.03
Z=  1 CN= 0.000     C6(AA)=    7.59
                     3  C6 for element                      8
Z=  8 CN= 0.000     C6(AA)=   15.51
Z=  8 CN= 0.993     C6(AA)=   12.82
Z=  8 CN= 1.989     C6(AA)=   10.37

#           XYZ [au]              R0(AA) [Ang.]  CN          C6(AA)     C8(AA)   C10(AA) [au]
  1   0.07574  -0.74686   0.00000   o   0.510  1.985        10.4       210.2      5195.4
  2  -1.47931   0.22737   0.00000   h   0.395  0.993         3.1        37.4       553.8
  3   1.40357   0.51949   0.00000   h   0.395  0.993         3.1        37.4       553.8

molecular C6(AA) [au] =        44.54

           DFT-D V3(BJ)
 DF pbe                                               
 parameters
 s6       :    1.0000
 s8       :    0.7875
 a1       :    0.4289
 a2       :    4.4407
 k1-k3    :   16.0000    1.3333   -4.0000
 
 Edisp /kcal,au:    -0.2256 -0.00035947

 E6    /kcal :    -0.1718
 E8    /kcal :    -0.0538
 % E8        : 23.85
 
 doing analytical gradient O(N^2) ...
 
 |G|=  5.636124545014104E-006

 setting up bound for integral derivative estimation

 increment for numerical differentiation : 0.00050000

 biggest AO integral is expected to be     4.776656448
 biggest cartesian 1st derivative AO integral is expected to be     8.648821438
          Overall gridpoints after grid construction =         13752
 number of electrons:  2.1397712301     of atom    1
 number of electrons:  2.3888737145     of atom    1
 number of electrons:  1.6064047003     of atom    1
 number of electrons:  1.2859875874     of atom    1
 number of electrons: 0.15086934200     of atom    2
 number of electrons: 0.37134459213     of atom    2
 number of electrons: 0.41512003652     of atom    2
 number of electrons: 0.34955641460     of atom    2
 number of electrons: 0.28703894366     of atom    3
 number of electrons: 0.32693397579     of atom    3
 number of electrons: 0.35547661408     of atom    3
 number of electrons: 0.32262325146     of atom    3

 Integrated ground state density     :   10.00000040241317    

 Integrated ground state spin density: -0.2406576429180265E-11


          ------------------------------------------------
           cartesian gradient of the energy (hartree/bohr)
          ------------------------------------------------

  ATOM      1 o           2 h           3 h 
dE/dx -0.1434491D-02  0.6603825D-02 -0.5224617D-02
dE/dy  0.1401246D-01 -0.6405825D-02 -0.7676264D-02
dE/dz  0.1429037D-05 -0.4815878D-05  0.3386998D-05
 
 resulting FORCE  (fx,fy,fz) = (-.553D-04,-.696D-04,0.157D-09)
 resulting MOMENT (mx,my,mz) = (-.403D-06,-.120D-04,-.954D-04)


 exx =      -0.017211 eyy =      -0.015909 ezz =       0.000000
 eyz =      -0.000000 exz =       0.000006 exy =      -0.000189


 **********************************************************************
  |maximum component of gradient| : 0.14012458E-01  (atom  1 o )       
   gradient norm                  : 0.19216491E-01
 **********************************************************************

 <getgrd> : data group $grad  is missing 

   ***  cartesian gradients written onto <gradient>  ***


     --- calculation of the energy gradient finished ---



    ------------------------------------------------------------------------
         total  cpu-time :   0.66 seconds
         total wall-time :   0.33 seconds
    ------------------------------------------------------------------------

   ****  rdgrad : all done  ****


    2021-04-20 17:52:43.568 

